go : # Go2/repository/redis
At line:1 char:1
+ go run . 2>&1 | Out-File errors.txt
+ ~~~~~~~~~~~~~
    + CategoryInfo          : NotSpecified: (# Go2/repository/redis:String) [], RemoteException
    + FullyQualifiedErrorId : NativeCommandError
 
repository\redis\floor-repository.go:19:26: syntax error: unexpected *, expected )
